Replace Part C? CC0402KRX7R9BB471 in D:\Documents\TMS320F28388D_core_board\tms320f28388d_core_board\tms320f28388d_core_board_power.SchDoc with CC0402KRX7R9BB471 from capacitors.SchLib
Replace Part C? GRM158C80G226ME01D in D:\Documents\TMS320F28388D_core_board\tms320f28388d_core_board\tms320f28388d_core_board_power.SchDoc with GRM158C80G226ME01D from capacitors.SchLib
Replace Part C? CC0402KRX7R9BB471 in D:\Documents\TMS320F28388D_core_board\tms320f28388d_core_board\tms320f28388d_core_board_power.SchDoc with CC0402KRX7R9BB471 from capacitors.SchLib
Replace Part C? GRM188C70J225KE20D in D:\Documents\TMS320F28388D_core_board\tms320f28388d_core_board\tms320f28388d_core_board_power.SchDoc with GRM188C70J225KE20D from capacitors.SchLib
Replace Part C? GRM188C70J225KE20D in D:\Documents\TMS320F28388D_core_board\tms320f28388d_core_board\tms320f28388d_core_board_power.SchDoc with GRM188C70J225KE20D from capacitors.SchLib
Replace Part C? GRM158C80G226ME01D in D:\Documents\TMS320F28388D_core_board\tms320f28388d_core_board\tms320f28388d_core_board_power.SchDoc with GRM158C80G226ME01D from capacitors.SchLib
Replace Part C? CC0402KRX5R6BB225 in D:\Documents\TMS320F28388D_core_board\tms320f28388d_core_board\tms320f28388d_core_board_power.SchDoc with CC0402KRX5R6BB225 from capacitors.SchLib
Replace Part C? CC0402KRX5R6BB225 in D:\Documents\TMS320F28388D_core_board\tms320f28388d_core_board\tms320f28388d_core_board_power.SchDoc with CC0402KRX5R6BB225 from capacitors.SchLib
Replace Part C? GRM158C80G226ME01D in D:\Documents\TMS320F28388D_core_board\tms320f28388d_core_board\tms320f28388d_core_board_power.SchDoc with GRM158C80G226ME01D from capacitors.SchLib
Replace Part C? GRM158C80G226ME01D in D:\Documents\TMS320F28388D_core_board\tms320f28388d_core_board\tms320f28388d_core_board_power.SchDoc with GRM158C80G226ME01D from capacitors.SchLib
Replace Part C? GRM158C80G226ME01D in D:\Documents\TMS320F28388D_core_board\tms320f28388d_core_board\tms320f28388d_core_board_power.SchDoc with GRM158C80G226ME01D from capacitors.SchLib
Replace Part C? GRM188Z71A106MA73D in D:\Documents\TMS320F28388D_core_board\tms320f28388d_core_board\tms320f28388d_core_board_power.SchDoc with GRM188Z71A106MA73D from capacitors.SchLib
Replace Part C? GRM188Z71A106MA73D in D:\Documents\TMS320F28388D_core_board\tms320f28388d_core_board\tms320f28388d_core_board_power.SchDoc with GRM188Z71A106MA73D from capacitors.SchLib
Replace Part C? GRM188Z71A106MA73D in D:\Documents\TMS320F28388D_core_board\tms320f28388d_core_board\tms320f28388d_core_board_power.SchDoc with GRM188Z71A106MA73D from capacitors.SchLib
Replace Part C? GRM188Z71A106MA73D in D:\Documents\TMS320F28388D_core_board\tms320f28388d_core_board\tms320f28388d_core_board_power.SchDoc with GRM188Z71A106MA73D from capacitors.SchLib
Replace Part C? CC0402KRX5R6BB225 in D:\Documents\TMS320F28388D_core_board\tms320f28388d_core_board\tms320f28388d_core_board_power.SchDoc with CC0402KRX5R6BB225 from capacitors.SchLib
Replace Part C? GRM188Z71A106MA73D in D:\Documents\TMS320F28388D_core_board\tms320f28388d_core_board\tms320f28388d_core_board_power.SchDoc with GRM188Z71A106MA73D from capacitors.SchLib
Replace Part C? GCM1555C1H100JA16D in D:\Documents\TMS320F28388D_core_board\tms320f28388d_core_board\tms320f28388d_core_board_power.SchDoc with GCM1555C1H100JA16D from capacitors.SchLib
Replace Part C? GRM188Z71A106MA73D in D:\Documents\TMS320F28388D_core_board\tms320f28388d_core_board\tms320f28388d_core_board_power.SchDoc with GRM188Z71A106MA73D from capacitors.SchLib
Replace Part C? GRM188Z71A106MA73D in D:\Documents\TMS320F28388D_core_board\tms320f28388d_core_board\tms320f28388d_core_board_power.SchDoc with GRM188Z71A106MA73D from capacitors.SchLib
Replace Part C? GRM155R61H224KE01D in D:\Documents\TMS320F28388D_core_board\tms320f28388d_core_board\tms320f28388d_core_board_power.SchDoc with GRM155R61H224KE01D from capacitors.SchLib
Replace Part C? GCM1555C1H100JA16D in D:\Documents\TMS320F28388D_core_board\tms320f28388d_core_board\tms320f28388d_core_board_power.SchDoc with GCM1555C1H100JA16D from capacitors.SchLib
Replace Part C? CC0402KRX7R7BB104 in D:\Documents\TMS320F28388D_core_board\tms320f28388d_core_board\tms320f28388d_core_board_power.SchDoc with CC0402KRX7R7BB104 from capacitors.SchLib
Replace Part C? CC0402KRX7R7BB104 in D:\Documents\TMS320F28388D_core_board\tms320f28388d_core_board\tms320f28388d_core_board_power.SchDoc with CC0402KRX7R7BB104 from capacitors.SchLib
Replace Part C? C0402C335M7PACTU in D:\Documents\TMS320F28388D_core_board\tms320f28388d_core_board\tms320f28388d_core_board_power.SchDoc with C0402C335M7PACTU from capacitors.SchLib
Replace Part C? CC0402KRX7R7BB104 in D:\Documents\TMS320F28388D_core_board\tms320f28388d_core_board\tms320f28388d_core_board_power.SchDoc with CC0402KRX7R7BB104 from capacitors.SchLib
Replace Part C? CC0402KRX7R7BB104 in D:\Documents\TMS320F28388D_core_board\tms320f28388d_core_board\tms320f28388d_core_board_power.SchDoc with CC0402KRX7R7BB104 from capacitors.SchLib
Replace Part C? CC0402KRX7R7BB104 in D:\Documents\TMS320F28388D_core_board\tms320f28388d_core_board\tms320f28388d_core_board_power.SchDoc with CC0402KRX7R7BB104 from capacitors.SchLib
Replace Part C? C0402C335M7PACTU in D:\Documents\TMS320F28388D_core_board\tms320f28388d_core_board\tms320f28388d_core_board_power.SchDoc with C0402C335M7PACTU from capacitors.SchLib
Replace Part C? C0402C335M7PACTU in D:\Documents\TMS320F28388D_core_board\tms320f28388d_core_board\tms320f28388d_core_board_power.SchDoc with C0402C335M7PACTU from capacitors.SchLib
Replace Part C? C0402C335M7PACTU in D:\Documents\TMS320F28388D_core_board\tms320f28388d_core_board\tms320f28388d_core_board_power.SchDoc with C0402C335M7PACTU from capacitors.SchLib
Replace Part C? C0402C335M7PACTU in D:\Documents\TMS320F28388D_core_board\tms320f28388d_core_board\tms320f28388d_core_board_power.SchDoc with C0402C335M7PACTU from capacitors.SchLib
Replace Part C? C0402C335M7PACTU in D:\Documents\TMS320F28388D_core_board\tms320f28388d_core_board\tms320f28388d_core_board_power.SchDoc with C0402C335M7PACTU from capacitors.SchLib
Replace Part C? C0402C335M7PACTU in D:\Documents\TMS320F28388D_core_board\tms320f28388d_core_board\tms320f28388d_core_board_power.SchDoc with C0402C335M7PACTU from capacitors.SchLib
Replace Part C? CC0402KRX7R7BB104 in D:\Documents\TMS320F28388D_core_board\tms320f28388d_core_board\tms320f28388d_core_board_power.SchDoc with CC0402KRX7R7BB104 from capacitors.SchLib
Replace Part C? CC0402KRX7R7BB104 in D:\Documents\TMS320F28388D_core_board\tms320f28388d_core_board\tms320f28388d_core_board_power.SchDoc with CC0402KRX7R7BB104 from capacitors.SchLib
Replace Part C? CC0402KRX7R7BB104 in D:\Documents\TMS320F28388D_core_board\tms320f28388d_core_board\tms320f28388d_core_board_power.SchDoc with CC0402KRX7R7BB104 from capacitors.SchLib
Replace Part C? CC0402KRX7R7BB104 in D:\Documents\TMS320F28388D_core_board\tms320f28388d_core_board\tms320f28388d_core_board_power.SchDoc with CC0402KRX7R7BB104 from capacitors.SchLib
Replace Part C? CC0402KRX7R7BB104 in D:\Documents\TMS320F28388D_core_board\tms320f28388d_core_board\tms320f28388d_core_board_power.SchDoc with CC0402KRX7R7BB104 from capacitors.SchLib
Replace Part C? CC0402KRX7R7BB104 in D:\Documents\TMS320F28388D_core_board\tms320f28388d_core_board\tms320f28388d_core_board_power.SchDoc with CC0402KRX7R7BB104 from capacitors.SchLib
Replace Part C? CC0402KRX7R7BB104 in D:\Documents\TMS320F28388D_core_board\tms320f28388d_core_board\tms320f28388d_core_board_power.SchDoc with CC0402KRX7R7BB104 from capacitors.SchLib
Replace Part C? CC0402KRX7R7BB104 in D:\Documents\TMS320F28388D_core_board\tms320f28388d_core_board\tms320f28388d_core_board_power.SchDoc with CC0402KRX7R7BB104 from capacitors.SchLib
Replace Part C? CC0402KRX7R7BB104 in D:\Documents\TMS320F28388D_core_board\tms320f28388d_core_board\tms320f28388d_core_board_power.SchDoc with CC0402KRX7R7BB104 from capacitors.SchLib
Replace Part C? CC0402KRX7R7BB104 in D:\Documents\TMS320F28388D_core_board\tms320f28388d_core_board\tms320f28388d_core_board_power.SchDoc with CC0402KRX7R7BB104 from capacitors.SchLib
Replace Part C? CC0402KRX7R7BB104 in D:\Documents\TMS320F28388D_core_board\tms320f28388d_core_board\tms320f28388d_core_board_power.SchDoc with CC0402KRX7R7BB104 from capacitors.SchLib
Replace Part C? CC0402KRX7R7BB104 in D:\Documents\TMS320F28388D_core_board\tms320f28388d_core_board\tms320f28388d_core_board_power.SchDoc with CC0402KRX7R7BB104 from capacitors.SchLib
Replace Part C? CC0402KRX5R6BB225 in D:\Documents\TMS320F28388D_core_board\tms320f28388d_core_board\tms320f28388d_core_board_power.SchDoc with CC0402KRX5R6BB225 from capacitors.SchLib
Replace Part C? CC0402KRX7R7BB104 in D:\Documents\TMS320F28388D_core_board\tms320f28388d_core_board\tms320f28388d_core_board_power.SchDoc with CC0402KRX7R7BB104 from capacitors.SchLib
Replace Part C? CC0402KRX7R7BB104 in D:\Documents\TMS320F28388D_core_board\tms320f28388d_core_board\tms320f28388d_core_board_power.SchDoc with CC0402KRX7R7BB104 from capacitors.SchLib
Replace Part C? CC0402KRX7R7BB104 in D:\Documents\TMS320F28388D_core_board\tms320f28388d_core_board\tms320f28388d_core_board_power.SchDoc with CC0402KRX7R7BB104 from capacitors.SchLib
Replace Part C? CC0402KRX7R7BB104 in D:\Documents\TMS320F28388D_core_board\tms320f28388d_core_board\tms320f28388d_core_board_power.SchDoc with CC0402KRX7R7BB104 from capacitors.SchLib
Replace Part C? CC0402KRX7R7BB104 in D:\Documents\TMS320F28388D_core_board\tms320f28388d_core_board\tms320f28388d_core_board_power.SchDoc with CC0402KRX7R7BB104 from capacitors.SchLib
Replace Part C? CC0402KRX7R7BB104 in D:\Documents\TMS320F28388D_core_board\tms320f28388d_core_board\tms320f28388d_core_board_power.SchDoc with CC0402KRX7R7BB104 from capacitors.SchLib
Replace Part C? CC0402KRX7R7BB104 in D:\Documents\TMS320F28388D_core_board\tms320f28388d_core_board\tms320f28388d_core_board_power.SchDoc with CC0402KRX7R7BB104 from capacitors.SchLib
Replace Part C? CC0402KRX7R7BB104 in D:\Documents\TMS320F28388D_core_board\tms320f28388d_core_board\tms320f28388d_core_board_power.SchDoc with CC0402KRX7R7BB104 from capacitors.SchLib
Replace Part C? CC0402KRX7R7BB104 in D:\Documents\TMS320F28388D_core_board\tms320f28388d_core_board\tms320f28388d_core_board_power.SchDoc with CC0402KRX7R7BB104 from capacitors.SchLib
Replace Part C? CC0402KRX7R7BB104 in D:\Documents\TMS320F28388D_core_board\tms320f28388d_core_board\tms320f28388d_core_board_power.SchDoc with CC0402KRX7R7BB104 from capacitors.SchLib
Replace Part C? CC0402KRX7R7BB104 in D:\Documents\TMS320F28388D_core_board\tms320f28388d_core_board\tms320f28388d_core_board_power.SchDoc with CC0402KRX7R7BB104 from capacitors.SchLib
Replace Part C? CC0402KRX5R6BB225 in D:\Documents\TMS320F28388D_core_board\tms320f28388d_core_board\tms320f28388d_core_board_power.SchDoc with CC0402KRX5R6BB225 from capacitors.SchLib
Replace Part C? CC0402KRX5R6BB225 in D:\Documents\TMS320F28388D_core_board\tms320f28388d_core_board\tms320f28388d_core_board_power.SchDoc with CC0402KRX5R6BB225 from capacitors.SchLib
Replace Part C? CL05A106MP5NUNC in D:\Documents\TMS320F28388D_core_board\tms320f28388d_core_board\tms320f28388d_core_board_power.SchDoc with CL05A106MP5NUNC from capacitors.SchLib
Replace Part C? CL05A106MP5NUNC in D:\Documents\TMS320F28388D_core_board\tms320f28388d_core_board\tms320f28388d_core_board_power.SchDoc with CL05A106MP5NUNC from capacitors.SchLib
Replace Part C? CC0402KRX7R7BB104 in D:\Documents\TMS320F28388D_core_board\tms320f28388d_core_board\tms320f28388d_core_board_power.SchDoc with CC0402KRX7R7BB104 from capacitors.SchLib
Replace Part C? CC0402KRX7R7BB104 in D:\Documents\TMS320F28388D_core_board\tms320f28388d_core_board\tms320f28388d_core_board_power.SchDoc with CC0402KRX7R7BB104 from capacitors.SchLib
Replace Part C? CC0402KRX7R7BB104 in D:\Documents\TMS320F28388D_core_board\tms320f28388d_core_board\tms320f28388d_core_board_power.SchDoc with CC0402KRX7R7BB104 from capacitors.SchLib
Replace Part C? CC0402KRX7R7BB104 in D:\Documents\TMS320F28388D_core_board\tms320f28388d_core_board\tms320f28388d_core_board_power.SchDoc with CC0402KRX7R7BB104 from capacitors.SchLib
Replace Part C? CC0402KRX7R7BB104 in D:\Documents\TMS320F28388D_core_board\tms320f28388d_core_board\tms320f28388d_core_board_power.SchDoc with CC0402KRX7R7BB104 from capacitors.SchLib
Replace Part FB? BLM15PD600SN1D in D:\Documents\TMS320F28388D_core_board\tms320f28388d_core_board\tms320f28388d_core_board_power.SchDoc with BLM15PD600SN1D from ferrite_bead.SchLib
Replace Part FB? BLM15PD600SN1D in D:\Documents\TMS320F28388D_core_board\tms320f28388d_core_board\tms320f28388d_core_board_power.SchDoc with BLM15PD600SN1D from ferrite_bead.SchLib
Replace Part FB? BLM15AG221SN1D in D:\Documents\TMS320F28388D_core_board\tms320f28388d_core_board\tms320f28388d_core_board_power.SchDoc with BLM15AG221SN1D from ferrite_bead.SchLib
Replace Part L? DFE252012P-R47M=P2 in D:\Documents\TMS320F28388D_core_board\tms320f28388d_core_board\tms320f28388d_core_board_power.SchDoc with DFE252012P-R47M=P2 from inductors.SchLib
Replace Part L? DFE252012P-R47M=P2 in D:\Documents\TMS320F28388D_core_board\tms320f28388d_core_board\tms320f28388d_core_board_power.SchDoc with DFE252012P-R47M=P2 from inductors.SchLib
Replace Part P? TSW-103-07-G-S in D:\Documents\TMS320F28388D_core_board\tms320f28388d_core_board\tms320f28388d_core_board_power.SchDoc with TSW-103-07-G-S from connectors.SchLib
Replace Part R? ERJ2RKF6802X in D:\Documents\TMS320F28388D_core_board\tms320f28388d_core_board\tms320f28388d_core_board_power.SchDoc with ERJ2RKF6802X from resistors.SchLib
Replace Part R? RT0402BRD0756RL in D:\Documents\TMS320F28388D_core_board\tms320f28388d_core_board\tms320f28388d_core_board_power.SchDoc with RT0402BRD0756RL from resistors.SchLib
Replace Part R? ERJ2RKF6802X in D:\Documents\TMS320F28388D_core_board\tms320f28388d_core_board\tms320f28388d_core_board_power.SchDoc with ERJ2RKF6802X from resistors.SchLib
Replace Part R? RC0402FR-07100KL in D:\Documents\TMS320F28388D_core_board\tms320f28388d_core_board\tms320f28388d_core_board_power.SchDoc with RC0402FR-07100KL from resistors.SchLib
Replace Part R? RC0402FR-07100KL in D:\Documents\TMS320F28388D_core_board\tms320f28388d_core_board\tms320f28388d_core_board_power.SchDoc with RC0402FR-07100KL from resistors.SchLib
Replace Part R? RC0402FR-0710KL in D:\Documents\TMS320F28388D_core_board\tms320f28388d_core_board\tms320f28388d_core_board_power.SchDoc with RC0402FR-0710KL from resistors.SchLib
Replace Part R? ERJ2RKF1962X in D:\Documents\TMS320F28388D_core_board\tms320f28388d_core_board\tms320f28388d_core_board_power.SchDoc with ERJ2RKF1962X from resistors.SchLib
Replace Part R? ERJ-2RKF8872X in D:\Documents\TMS320F28388D_core_board\tms320f28388d_core_board\tms320f28388d_core_board_power.SchDoc with ERJ-2RKF8872X from resistors.SchLib
Replace Part R? ERJ-2RKF8061X in D:\Documents\TMS320F28388D_core_board\tms320f28388d_core_board\tms320f28388d_core_board_power.SchDoc with ERJ-2RKF8061X from resistors.SchLib
Replace Part U? TPS62441RQRR in D:\Documents\TMS320F28388D_core_board\tms320f28388d_core_board\tms320f28388d_core_board_power.SchDoc with TPS62441RQRR from power.SchLib
Replace Part U? XF28388DZWTS in D:\Documents\TMS320F28388D_core_board\tms320f28388d_core_board\tms320f28388d_core_board_power.SchDoc with XF28388DZWTS from mcu.SchLib
Replace Part U? XF28388DZWTS in D:\Documents\TMS320F28388D_core_board\tms320f28388d_core_board\tms320f28388d_core_board_power.SchDoc with XF28388DZWTS from mcu.SchLib
